========================================
AStock 盘前策略运行
时间: 2026-04-30 07:00:01
========================================

==================================================
AStock - 个人短线打板量化框架
==================================================
[DataClient] 数据源已加载: baostock
[DataClient] 数据源已加载: yahoo
[DataClient] 数据源已加载: akshare

[1/4] 分析市场情绪...
login success!
🔥 市场情绪报告 [20260430]
情绪分数: 80/100  |  温度: 沸腾
操作建议: 积极出手，重仓参与核心
----------------------------------------
涨停家数: 100  |  炸板数: 23  |  炸板率: 18.7%
连板高度: 3板  |  昨日涨停溢价: 1.06%  |  胜率: 53.4%
上证指数: 11.52 (MA5:11.27 MA10:11.16 MA20:11.15) [多头排列]

[2/4] 策略选股...
[DataClient] get_sector_hot @ akshare 失败: RetryError[<Future at 0x7f859ea96350 state=finished raised ConnectionError>]
[WARN] DataClient get_sector_hot 全部源失败，返回空 DataFrame。最后错误: RetryError[<Future at 0x7f859ea96350 state=finished raised ConnectionError>]
[SectorFlow] 获取板块资金流向失败，跳过本策略
[DataClient] get_sector_hot @ akshare 失败: RetryError[<Future at 0x7f859ea98f90 state=finished raised ConnectionError>]
[WARN] DataClient get_sector_hot 全部源失败，返回空 DataFrame。最后错误: RetryError[<Future at 0x7f859ea98f90 state=finished raised ConnectionError>]
[SectorFlowSurge] 获取板块资金流向失败，跳过
📅 交易计划 [2026-04-30 07:00]

1. 【买入】中设咨询 (920873) | 炸板回封
   置信度: 85% | 建议仓位: 14%
   买入价: ¥10.37 | 止损: ¥9.64 | 止盈: ¥11.93
   理由: 炸板回封：开板1次
   风险: 无

2. 【买入】正和生态 (605069) | 炸板回封
   置信度: 82% | 建议仓位: 14%
   买入价: ¥15.92 | 止损: ¥14.81 | 止盈: ¥18.31
   理由: 炸板回封：开板1次
   风险: 无

3. 【买入】升达林业 (002259) | 炸板回封
   置信度: 80% | 建议仓位: 14%
   买入价: ¥5.98 | 止损: ¥5.56 | 止盈: ¥6.88
   理由: 炸板回封：开板1次
   风险: 无

4. 【买入】青岛双星 (000599) | 炸板回封
   置信度: 79% | 建议仓位: 14%
   买入价: ¥6.34 | 止损: ¥5.9 | 止盈: ¥7.29
   理由: 炸板回封：开板1次
   风险: 无

5. 【买入】众合科技 (000925) | 炸板回封
   置信度: 76% | 建议仓位: 14%
   买入价: ¥10.74 | 止损: ¥9.99 | 止盈: ¥12.35
   理由: 炸板回封：开板1次
   风险: 无

6. 【买入】法尔胜 (000890) | 炸板回封
   置信度: 75% | 建议仓位: 14%
   买入价: ¥18.92 | 止损: ¥17.6 | 止盈: ¥21.76
   理由: 炸板回封：开板1次
   风险: 无

7. 【买入】裕太微-U (688515) | 炸板回封
   置信度: 74% | 建议仓位: 14%
   买入价: ¥182.62 | 止损: ¥169.84 | 止盈: ¥210.01
   理由: 炸板回封：开板1次
   风险: 无

8. 【买入】光莆股份 (300632) | 首板
   置信度: 72% | 建议仓位: 14%
   买入价: ¥24.47 | 止损: ¥22.76 | 止盈: ¥28.14
   理由: 首板突破：流通市值45.1亿，封单2.21亿，换手4.0%
   风险: 无

9. 【买入】博通股份 (600455) | 炸板回封
   置信度: 70% | 建议仓位: 14%
   买入价: ¥30.34 | 止损: ¥28.22 | 止盈: ¥34.89
   理由: 炸板回封：开板2次
   风险: 开板次数多，筹码不稳

10. 【买入】利通电子 (603629) | 连板接力
   置信度: 70% | 建议仓位: 14%
   买入价: ¥144.42 | 止损: ¥134.31 | 止盈: ¥166.08
   理由: 连板接力：2连板，封单4.15亿
   风险: 流通市值偏大，连板难度大

11. 【买入】众辰科技 (603275) | 炸板回封
   置信度: 70% | 建议仓位: 14%
   买入价: ¥53.5 | 止损: ¥49.75 | 止盈: ¥61.52
   理由: 炸板回封：开板2次
   风险: 开板次数多，筹码不稳

12. 【买入】楚环科技 (001336) | 首板
   置信度: 70% | 建议仓位: 14%
   买入价: ¥31.98 | 止损: ¥29.74 | 止盈: ¥36.78
   理由: 首板突破：流通市值14.3亿，封单0.46亿，换手9.0%
   风险: 无

13. 【买入】三夫户外 (002780) | 炸板回封
   置信度: 70% | 建议仓位: 8%
   买入价: ¥17.99 | 止损: ¥16.73 | 止盈: ¥20.69
   理由: 炸板回封：开板2次
   风险: 开板次数多，筹码不稳

14. 【买入】上海雅仕 (603329) | 炸板回封
   置信度: 70% | 建议仓位: 8%
   买入价: ¥12.35 | 止损: ¥11.49 | 止盈: ¥14.2
   理由: 炸板回封：开板2次
   风险: 开板次数多，筹码不稳

15. 【买入】建投能源 (000600) | 炸板回封
   置信度: 69% | 建议仓位: 8%
   买入价: ¥10.76 | 止损: ¥10.01 | 止盈: ¥12.37
   理由: 炸板回封：开板1次
   风险: 无


[3/4] 持仓检查...

💰 账户概览
总资产: 100000.00  现金: 100000.00  持仓市值: 0.00
当前无持仓

[4/4] 推送通知...
推送 skipped（未配置 Webhook 或信号不足）

Done.

========================================
运行结束: 2026-04-30 07:00:12
========================================
