========================================
AStock 盘前策略运行
时间: 2026-04-27 23:34:03
========================================

==================================================
AStock - 个人短线打板量化框架
==================================================
[DataClient] 数据源已加载: baostock
[DataClient] 数据源已加载: yahoo
[DataClient] 数据源已加载: akshare

[1/4] 分析市场情绪...
login success!
🔥 市场情绪报告 [20260427]
情绪分数: 65/100  |  温度: 高温
操作建议: 可出手，控制仓位
----------------------------------------
涨停家数: 56  |  炸板数: 18  |  炸板率: 24.3%
连板高度: 4板  |  昨日涨停溢价: 0.63%  |  胜率: 54.2%
上证指数: 11.38 (MA5:11.09 MA10:11.1 MA20:11.1) [震荡]

[2/4] 策略选股...
[DataClient] get_sector_hot @ akshare 失败: RetryError[<Future at 0x7f84016199d0 state=finished raised ConnectionError>]
[WARN] DataClient get_sector_hot 全部源失败，返回空 DataFrame。最后错误: RetryError[<Future at 0x7f84016199d0 state=finished raised ConnectionError>]
[SectorFlow] 获取板块资金流向失败，跳过本策略
[DataClient] get_sector_hot @ akshare 失败: RetryError[<Future at 0x7f840161ae50 state=finished raised ConnectionError>]
[WARN] DataClient get_sector_hot 全部源失败，返回空 DataFrame。最后错误: RetryError[<Future at 0x7f840161ae50 state=finished raised ConnectionError>]
[SectorFlowSurge] 获取板块资金流向失败，跳过
📅 交易计划 [2026-04-27 23:34]

1. 【买入】众合科技 (000925) | 连板接力
   置信度: 90% | 建议仓位: 20%
   买入价: ¥11.13 | 止损: ¥10.35 | 止盈: ¥12.8
   理由: 连板接力：3连板，封单5.48亿
   风险: 无

2. 【买入】国光电器 (002045) | 首板
   置信度: 86% | 建议仓位: 20%
   买入价: ¥13.31 | 止损: ¥12.38 | 止盈: ¥15.31
   理由: 首板突破：流通市值68.0亿，封单4.95亿，换手4.9%
   风险: 无

3. 【买入】天津普林 (002134) | 首板
   置信度: 86% | 建议仓位: 20%
   买入价: ¥27.48 | 止损: ¥25.56 | 止盈: ¥31.6
   理由: 首板突破：流通市值61.6亿，封单4.34亿，换手7.7%
   风险: 无

4. 【买入】龙星科技 (002442) | 炸板回封
   置信度: 82% | 建议仓位: 14%
   买入价: ¥6.82 | 止损: ¥6.34 | 止盈: ¥7.84
   理由: 炸板回封：开板1次
   风险: 无

5. 【买入】奥拓电子 (002587) | 炸板回封
   置信度: 81% | 建议仓位: 14%
   买入价: ¥7.3 | 止损: ¥6.79 | 止盈: ¥8.39
   理由: 炸板回封：开板1次
   风险: 无

6. 【买入】锦和商管 (603682) | 炸板回封
   置信度: 80% | 建议仓位: 14%
   买入价: ¥8.63 | 止损: ¥8.03 | 止盈: ¥9.92
   理由: 炸板回封：开板1次
   风险: 无

7. 【买入】远大控股 (000626) | 炸板回封
   置信度: 79% | 建议仓位: 14%
   买入价: ¥9.85 | 止损: ¥9.16 | 止盈: ¥11.33
   理由: 炸板回封：开板1次
   风险: 无

8. 【买入】帝奥微 (688381) | 首板
   置信度: 79% | 建议仓位: 14%
   买入价: ¥42.25 | 止损: ¥39.29 | 止盈: ¥48.59
   理由: 首板突破：流通市值87.1亿，封单3.3亿，换手9.7%
   风险: 无

9. 【买入】铭普光磁 (002902) | 首板
   置信度: 78% | 建议仓位: 14%
   买入价: ¥31.47 | 止损: ¥29.27 | 止盈: ¥36.19
   理由: 首板突破：流通市值50.8亿，封单2.75亿，换手8.4%
   风险: 无

10. 【买入】锐明技术 (002970) | 首板
   置信度: 76% | 建议仓位: 14%
   买入价: ¥77.59 | 止损: ¥72.16 | 止盈: ¥89.23
   理由: 首板突破：流通市值88.3亿，封单3.49亿，换手6.5%
   风险: 无

11. 【买入】迅游科技 (300467) | 炸板回封
   置信度: 76% | 建议仓位: 14%
   买入价: ¥44.34 | 止损: ¥41.24 | 止盈: ¥50.99
   理由: 炸板回封：开板1次
   风险: 无

12. 【买入】粤 传 媒 (002181) | 首板
   置信度: 76% | 建议仓位: 14%
   买入价: ¥15.77 | 止损: ¥14.67 | 止盈: ¥18.14
   理由: 首板突破：流通市值162.7亿，封单5.11亿，换手6.5%
   风险: 流通市值偏大，连板难度大

13. 【买入】渝三峡Ａ (000565) | 首板
   置信度: 72% | 建议仓位: 14%
   买入价: ¥8.82 | 止损: ¥8.2 | 止盈: ¥10.14
   理由: 首板突破：流通市值34.8亿，封单1.78亿，换手6.1%
   风险: 无

14. 【买入】杰创智能 (301248) | 首板
   置信度: 72% | 建议仓位: 14%
   买入价: ¥98.09 | 止损: ¥91.22 | 止盈: ¥112.8
   理由: 首板突破：流通市值91.8亿，封单2.74亿，换手13.3%
   风险: 无

15. 【买入】综艺股份 (600770) | 炸板回封
   置信度: 72% | 建议仓位: 14%
   买入价: ¥7.66 | 止损: ¥7.12 | 止盈: ¥8.81
   理由: 炸板回封：开板1次
   风险: 无


[3/4] 持仓检查...

💰 账户概览
总资产: 100000.00  现金: 100000.00  持仓市值: 0.00
当前无持仓

[4/4] 推送通知...
推送 skipped（未配置 Webhook 或信号不足）

Done.

========================================
运行结束: 2026-04-27 23:34:17
========================================
