========================================
AStock 盘前策略运行
时间: 2026-05-01 07:00:01
========================================

==================================================
AStock - 个人短线打板量化框架
==================================================
[DataClient] 数据源已加载: baostock
[DataClient] 数据源已加载: yahoo
[DataClient] 数据源已加载: akshare

[1/4] 分析市场情绪...
login success!
🔥 市场情绪报告 [20260501]
情绪分数: 80/100  |  温度: 沸腾
操作建议: 积极出手，重仓参与核心
----------------------------------------
涨停家数: 79  |  炸板数: 14  |  炸板率: 15.1%
连板高度: 4板  |  昨日涨停溢价: 2.79%  |  胜率: 61.0%
上证指数: 11.49 (MA5:11.37 MA10:11.2 MA20:11.17) [多头排列]

[2/4] 策略选股...
  0%|          | 0/5 [00:00<?, ?it/s] 20%|██        | 1/5 [00:00<00:00,  9.75it/s] 40%|████      | 2/5 [00:00<00:00,  9.40it/s] 60%|██████    | 3/5 [00:00<00:00,  8.70it/s] 80%|████████  | 4/5 [00:00<00:00,  6.39it/s]                                             [SectorFlow] 强势板块 Top20: ['半导体', '能源金属', '锂', '半导体设备', '数字芯片设计', '电池化学品', '计算机设备', '仪器仪表', '其他计算机设备', '集成电路制造']...
[SectorFlow] 🚀 爆发首日板块: ['能源金属', '数字芯片设计', '锂']
[SectorFlowSurge] 获取板块资金流向失败，跳过
📅 交易计划 [2026-05-01 07:00]

1. 【买入】永杉锂业 (603399) | 板块资金共振
   置信度: 88% | 建议仓位: 20%
   买入价: ¥21.33 | 止损: ¥19.84 | 止盈: ¥24.53
   理由: 🚀 板块爆发首日：所属「能源金属」5日净流入第2位，3连板，封单2.02亿，流通市值99.3亿
   风险: 无

2. 【买入】诚邦股份 (603316) | 炸板回封
   置信度: 80% | 建议仓位: 14%
   买入价: ¥17.15 | 止损: ¥15.95 | 止盈: ¥19.72
   理由: 炸板回封：开板1次
   风险: 无

3. 【买入】尚纬股份 (603333) | 炸板回封
   置信度: 78% | 建议仓位: 14%
   买入价: ¥9.28 | 止损: ¥8.63 | 止盈: ¥10.67
   理由: 炸板回封：开板1次
   风险: 无

4. 【买入】中洲控股 (000042) | 炸板回封
   置信度: 76% | 建议仓位: 14%
   买入价: ¥10.59 | 止损: ¥9.85 | 止盈: ¥12.18
   理由: 炸板回封：开板1次
   风险: 无

5. 【买入】上海建科 (603153) | 炸板回封
   置信度: 75% | 建议仓位: 14%
   买入价: ¥19.17 | 止损: ¥17.83 | 止盈: ¥22.05
   理由: 炸板回封：开板1次
   风险: 无

6. 【买入】联合精密 (001268) | 首板
   置信度: 70% | 建议仓位: 8%
   买入价: ¥42.25 | 止损: ¥39.29 | 止盈: ¥48.59
   理由: 首板突破：流通市值25.9亿，封单1.02亿，换手7.1%
   风险: 无

7. 【买入】天域生物 (603717) | 首板
   置信度: 69% | 建议仓位: 8%
   买入价: ¥8.29 | 止损: ¥7.71 | 止盈: ¥9.53
   理由: 首板突破：流通市值21.9亿，封单0.93亿，换手6.5%
   风险: 无

8. 【买入】千味央厨 (001215) | 首板
   置信度: 69% | 建议仓位: 8%
   买入价: ¥51.55 | 止损: ¥47.94 | 止盈: ¥59.28
   理由: 首板突破：流通市值45.4亿，封单0.78亿，换手10.1%
   风险: 无

9. 【买入】京投发展 (600683) | 炸板回封
   置信度: 69% | 建议仓位: 8%
   买入价: ¥15.95 | 止损: ¥14.83 | 止盈: ¥18.34
   理由: 炸板回封：开板1次
   风险: 无

10. 【买入】华神科技 (000790) | 首板
   置信度: 68% | 建议仓位: 8%
   买入价: ¥5.03 | 止损: ¥4.68 | 止盈: ¥5.78
   理由: 首板突破：流通市值28.5亿，封单0.64亿，换手7.5%
   风险: 无

11. 【买入】明微电子 (688699) | 板块资金共振
   置信度: 68% | 建议仓位: 8%
   买入价: ¥66.52 | 止损: ¥61.86 | 止盈: ¥76.5
   理由: 板块资金共振：所属板块5日净流入排名第1位，首板，封单0.57亿，流通市值61.0亿
   风险: 无

12. 【买入】汇洁股份 (002763) | 首板
   置信度: 67% | 建议仓位: 8%
   买入价: ¥10.35 | 止损: ¥9.63 | 止盈: ¥11.9
   理由: 首板突破：流通市值28.6亿，封单0.52亿，换手7.7%
   风险: 无

13. 【买入】大胜达 (603687) | 首板
   置信度: 65% | 建议仓位: 8%
   买入价: ¥18.9 | 止损: ¥17.58 | 止盈: ¥21.73
   理由: 首板突破：流通市值94.5亿，封单1.53亿，换手12.6%
   风险: 无

14. 【买入】上海沪工 (603131) | 首板
   置信度: 64% | 建议仓位: 8%
   买入价: ¥24.77 | 止损: ¥23.04 | 止盈: ¥28.49
   理由: 首板突破：流通市值75.9亿，封单1.58亿，换手4.4%
   风险: 无

15. 【买入】恒大高新 (002591) | 首板
   置信度: 64% | 建议仓位: 8%
   买入价: ¥9.2 | 止损: ¥8.56 | 止盈: ¥10.58
   理由: 首板突破：流通市值18.7亿，封单0.31亿，换手9.6%
   风险: 无


[3/4] 持仓检查...

💰 账户概览
总资产: 100000.00  现金: 100000.00  持仓市值: 0.00
当前无持仓

[4/4] 推送通知...
推送 skipped（未配置 Webhook 或信号不足）

Done.

========================================
运行结束: 2026-05-01 07:00:05
========================================
