========================================
AStock 盘前策略运行
时间: 2026-04-28 07:00:01
========================================

==================================================
AStock - 个人短线打板量化框架
==================================================
[DataClient] 数据源已加载: baostock
[DataClient] 数据源已加载: yahoo
[DataClient] 数据源已加载: akshare

[1/4] 分析市场情绪...
🔥 市场情绪报告 [20260428]
情绪分数: 75/100  |  温度: 高温
操作建议: 可出手，控制仓位
----------------------------------------
涨停家数: 65  |  炸板数: 18  |  炸板率: 21.7%
连板高度: 4板  |  昨日涨停溢价: 1.08%  |  胜率: 61.0%
上证指数: 11.38 (MA5:11.09 MA10:11.1 MA20:11.1) [震荡]

[2/4] 策略选股...
[DataClient] get_sector_hot @ akshare 失败: RetryError[<Future at 0x7f8c8d3ae690 state=finished raised ConnectionError>]
[WARN] DataClient get_sector_hot 全部源失败，返回空 DataFrame。最后错误: RetryError[<Future at 0x7f8c8d3ae690 state=finished raised ConnectionError>]
[SectorFlow] 获取板块资金流向失败，跳过本策略
[DataClient] get_sector_hot @ akshare 失败: RetryError[<Future at 0x7f8c8d377b50 state=finished raised ConnectionError>]
[WARN] DataClient get_sector_hot 全部源失败，返回空 DataFrame。最后错误: RetryError[<Future at 0x7f8c8d377b50 state=finished raised ConnectionError>]
[SectorFlowSurge] 获取板块资金流向失败，跳过
📅 交易计划 [2026-04-28 07:00]

1. 【买入】众合科技 (000925) | 连板接力
   置信度: 82% | 建议仓位: 14%
   买入价: ¥11.13 | 止损: ¥10.35 | 止盈: ¥12.8
   理由: 连板接力：3连板，封单3.82亿
   风险: 无

2. 【买入】龙星科技 (002442) | 炸板回封
   置信度: 82% | 建议仓位: 14%
   买入价: ¥6.82 | 止损: ¥6.34 | 止盈: ¥7.84
   理由: 炸板回封：开板1次
   风险: 无

3. 【买入】奥拓电子 (002587) | 炸板回封
   置信度: 81% | 建议仓位: 14%
   买入价: ¥7.3 | 止损: ¥6.79 | 止盈: ¥8.39
   理由: 炸板回封：开板1次
   风险: 无

4. 【买入】锦和商管 (603682) | 炸板回封
   置信度: 80% | 建议仓位: 14%
   买入价: ¥8.63 | 止损: ¥8.03 | 止盈: ¥9.92
   理由: 炸板回封：开板1次
   风险: 无

5. 【买入】远大控股 (000626) | 炸板回封
   置信度: 79% | 建议仓位: 14%
   买入价: ¥9.85 | 止损: ¥9.16 | 止盈: ¥11.33
   理由: 炸板回封：开板1次
   风险: 无

6. 【买入】迅游科技 (300467) | 炸板回封
   置信度: 76% | 建议仓位: 14%
   买入价: ¥44.34 | 止损: ¥41.24 | 止盈: ¥50.99
   理由: 炸板回封：开板1次
   风险: 无

7. 【买入】国光电器 (002045) | 炸板回封
   置信度: 76% | 建议仓位: 14%
   买入价: ¥12.94 | 止损: ¥12.03 | 止盈: ¥14.88
   理由: 炸板回封：开板1次
   风险: 无

8. 【买入】锐明技术 (002970) | 炸板回封
   置信度: 72% | 建议仓位: 14%
   买入价: ¥75.69 | 止损: ¥70.39 | 止盈: ¥87.04
   理由: 炸板回封：开板1次
   风险: 无

9. 【买入】综艺股份 (600770) | 炸板回封
   置信度: 72% | 建议仓位: 14%
   买入价: ¥7.66 | 止损: ¥7.12 | 止盈: ¥8.81
   理由: 炸板回封：开板1次
   风险: 无

10. 【买入】美芝股份 (002856) | 炸板回封
   置信度: 71% | 建议仓位: 14%
   买入价: ¥14.43 | 止损: ¥13.42 | 止盈: ¥16.59
   理由: 炸板回封：开板2次
   风险: 开板次数多，筹码不稳

11. 【买入】广济药业 (000952) | 首板
   置信度: 69% | 建议仓位: 8%
   买入价: ¥8.09 | 止损: ¥7.52 | 止盈: ¥9.3
   理由: 首板突破：流通市值25.3亿，封单0.94亿，换手6.8%
   风险: 无

12. 【买入】中熔电气 (301031) | 炸板回封
   置信度: 66% | 建议仓位: 8%
   买入价: ¥193.82 | 止损: ¥180.25 | 止盈: ¥222.89
   理由: 炸板回封：开板1次
   风险: 无

13. 【买入】神驰机电 (603109) | 炸板回封
   置信度: 65% | 建议仓位: 8%
   买入价: ¥27.48 | 止损: ¥25.56 | 止盈: ¥31.6
   理由: 炸板回封：开板2次
   风险: 开板次数多，筹码不稳

14. 【买入】良信股份 (002706) | 首板
   置信度: 64% | 建议仓位: 8%
   买入价: ¥12.53 | 止损: ¥11.65 | 止盈: ¥14.41
   理由: 首板突破：流通市值104.1亿，封单1.42亿，换手11.3%
   风险: 无

15. 【买入】泰坦股份 (003036) | 连板接力
   置信度: 62% | 建议仓位: 8%
   买入价: ¥40.65 | 止损: ¥37.8 | 止盈: ¥46.75
   理由: 连板接力：2连板，封单1.11亿
   风险: 无


[3/4] 持仓检查...

💰 账户概览
总资产: 100000.00  现金: 100000.00  持仓市值: 0.00
当前无持仓

[4/4] 推送通知...
推送 skipped（未配置 Webhook 或信号不足）

Done.

========================================
运行结束: 2026-04-28 07:00:12
========================================
