========================================
AStock 盘前策略运行
时间: 2026-04-29 07:00:01
========================================

==================================================
AStock - 个人短线打板量化框架
==================================================
[DataClient] 数据源已加载: baostock
[DataClient] 数据源已加载: yahoo
[DataClient] 数据源已加载: akshare

[1/4] 分析市场情绪...
login success!
🔥 市场情绪报告 [20260429]
情绪分数: 70/100  |  温度: 高温
操作建议: 可出手，控制仓位
----------------------------------------
涨停家数: 60  |  炸板数: 13  |  炸板率: 17.8%
连板高度: 5板  |  昨日涨停溢价: 0.25%  |  胜率: 52.3%
上证指数: 11.46 (MA5:11.16 MA10:11.13 MA20:11.13) [震荡]

[2/4] 策略选股...
[DataClient] get_sector_hot @ akshare 失败: RetryError[<Future at 0x7f78790b9890 state=finished raised ConnectionError>]
[WARN] DataClient get_sector_hot 全部源失败，返回空 DataFrame。最后错误: RetryError[<Future at 0x7f78790b9890 state=finished raised ConnectionError>]
[SectorFlow] 获取板块资金流向失败，跳过本策略
[DataClient] get_sector_hot @ akshare 失败: RetryError[<Future at 0x7f7879079290 state=finished raised ConnectionError>]
[WARN] DataClient get_sector_hot 全部源失败，返回空 DataFrame。最后错误: RetryError[<Future at 0x7f7879079290 state=finished raised ConnectionError>]
[SectorFlowSurge] 获取板块资金流向失败，跳过
📅 交易计划 [2026-04-29 07:00]

1. 【买入】如意集团 (002193) | 炸板回封
   置信度: 84% | 建议仓位: 14%
   买入价: ¥7.16 | 止损: ¥6.66 | 止盈: ¥8.23
   理由: 炸板回封：开板1次
   风险: 无

2. 【买入】国创高新 (002377) | 炸板回封
   置信度: 81% | 建议仓位: 14%
   买入价: ¥4.02 | 止损: ¥3.74 | 止盈: ¥4.62
   理由: 炸板回封：开板1次
   风险: 无

3. 【买入】劲嘉股份 (002191) | 炸板回封
   置信度: 78% | 建议仓位: 14%
   买入价: ¥4.15 | 止损: ¥3.86 | 止盈: ¥4.77
   理由: 炸板回封：开板1次
   风险: 无

4. 【买入】漳州发展 (000753) | 炸板回封
   置信度: 76% | 建议仓位: 14%
   买入价: ¥7.44 | 止损: ¥6.92 | 止盈: ¥8.56
   理由: 炸板回封：开板1次
   风险: 无

5. 【买入】和顺石油 (603353) | 炸板回封
   置信度: 75% | 建议仓位: 14%
   买入价: ¥43.82 | 止损: ¥40.75 | 止盈: ¥50.39
   理由: 炸板回封：开板1次
   风险: 无

6. 【买入】恒工精密 (301261) | 首板
   置信度: 73% | 建议仓位: 14%
   买入价: ¥107.71 | 止损: ¥100.17 | 止盈: ¥123.87
   理由: 首板突破：流通市值33.6亿，封单2.2亿，换手15.6%
   风险: 无

7. 【买入】日海智能 (002313) | 首板
   置信度: 71% | 建议仓位: 14%
   买入价: ¥11.13 | 止损: ¥10.35 | 止盈: ¥12.8
   理由: 首板突破：流通市值37.9亿，封单1.03亿，换手9.5%
   风险: 无

8. 【买入】飞马国际 (002210) | 连板接力
   置信度: 70% | 建议仓位: 14%
   买入价: ¥3.31 | 止损: ¥3.08 | 止盈: ¥3.81
   理由: 连板接力：2连板，封单2.28亿
   风险: 无

9. 【买入】登云股份 (002715) | 首板
   置信度: 70% | 建议仓位: 8%
   买入价: ¥18.84 | 止损: ¥17.52 | 止盈: ¥21.67
   理由: 首板突破：流通市值23.6亿，封单0.55亿，换手9.1%
   风险: 无

10. 【买入】好上好 (001298) | 首板
   置信度: 68% | 建议仓位: 8%
   买入价: ¥25.66 | 止损: ¥23.86 | 止盈: ¥29.51
   理由: 首板突破：流通市值55.7亿，封单1.54亿，换手13.8%
   风险: 无

11. 【买入】润都股份 (002923) | 首板
   置信度: 68% | 建议仓位: 8%
   买入价: ¥15.17 | 止损: ¥14.11 | 止盈: ¥17.45
   理由: 首板突破：流通市值35.6亿，封单1.01亿，换手6.6%
   风险: 无

12. 【买入】铭普光磁 (002902) | 连板接力
   置信度: 67% | 建议仓位: 8%
   买入价: ¥34.62 | 止损: ¥32.2 | 止盈: ¥39.81
   理由: 连板接力：2连板，封单1.58亿
   风险: 无

13. 【买入】宁波建工 (601789) | 首板
   置信度: 66% | 建议仓位: 8%
   买入价: ¥6.58 | 止损: ¥6.12 | 止盈: ¥7.57
   理由: 首板突破：流通市值65.0亿，封单1.23亿，换手6.9%
   风险: 无

14. 【买入】汉森制药 (002412) | 首板
   置信度: 66% | 建议仓位: 8%
   买入价: ¥7.85 | 止损: ¥7.3 | 止盈: ¥9.03
   理由: 首板突破：流通市值35.5亿，封单0.8亿，换手5.4%
   风险: 无

15. 【买入】中晶科技 (003026) | 首板
   置信度: 65% | 建议仓位: 8%
   买入价: ¥49.81 | 止损: ¥46.32 | 止盈: ¥57.28
   理由: 首板突破：流通市值43.8亿，封单0.97亿，换手15.5%
   风险: 无


[3/4] 持仓检查...

💰 账户概览
总资产: 100000.00  现金: 100000.00  持仓市值: 0.00
当前无持仓

[4/4] 推送通知...
推送 skipped（未配置 Webhook 或信号不足）

Done.

========================================
运行结束: 2026-04-29 07:00:11
========================================
